Microchip MPLAB XC8 Compiler V1.34 ()

Linker command line:

--edf=C:\Program Files\Microchip\xc8\v1.34\dat\en_msgs.txt -cs \
  -h+dist/default/production\unmc_Demo.X.production.sym \
  --cmf=dist/default/production\unmc_Demo.X.production.cmf -z -Q18F26J50 \
  -oC:\Users\Matias\AppData\Local\Temp\ses4.6 \
  -Mdist/default/production/unmc_Demo.X.production.map -E1 -ver=XC8 \
  -ASTACK=08Ch-0ebfh -pstack=STACK -ACODE=00h-0FFF7h -ACONST=00h-0FFF7h \
  -ASMALLCONST=0F00h-0FFFhx240,0FF00h-0FFF7h -AMEDIUMCONST=0F00h-0FFF7h \
  -ACOMRAM=01h-05Fh -AABS1=00h-0EBFh -ABIGRAM=01h-0EBFh \
  -ARAM=060h-0FFh,0100h-01FFhx13,0E00h-0EBFh -ABANK0=060h-0FFh \
  -ABANK1=0100h-01FFh -ABANK2=0200h-02FFh -ABANK3=0300h-03FFh \
  -ABANK4=0400h-04FFh -ABANK5=0500h-05FFh -ABANK6=0600h-06FFh \
  -ABANK7=0700h-07FFh -ABANK8=0800h-08FFh -ABANK9=0900h-09FFh \
  -ABANK10=0A00h-0AFFh -ABANK11=0B00h-0BFFh -ABANK12=0C00h-0CFFh \
  -ABANK13=0D00h-0DFFh -ABANK14=0E00h-0EBFh \
  -ASFR=0EC0h-0EFFh,0F00h-0F5Fh,0F60h-0FFFh \
  -preset_vec=00h,intcode,intcodelo,powerup,init,end_init -pramtop=0F00h \
  -psmallconst=SMALLCONST -pmediumconst=MEDIUMCONST -pconst=CONST \
  -AFARRAM=00h-00h -ACONFIG=0FFF8h-0FFFFh -pconfig=CONFIG \
  -pjflash_buffer=0F800h \
  -prdata=COMRAM,nvrram=COMRAM,nvbit=COMRAM,rbss=COMRAM,rbit=COMRAM \
  -pfarbss=FARRAM,fardata=FARRAM,nvFARRAM=FARRAM \
  -pintsave_regs=BIGRAM,bigbss=BIGRAM,bigdata=BIGRAM -pbss=RAM \
  -pidata=CODE,irdata=CODE,ibigdata=CODE,ifardata=CODE -prparam=COMRAM \
  C:\Users\Matias\AppData\Local\Temp\ses4.obj \
  dist/default/production\unmc_Demo.X.production.obj 

Object code version is 3.11

Machine type is 18F26J50

Call graph: (short form)




                Name                               Link     Load   Length Selector   Space Scale
C:\Users\Matias\AppData\Local\Temp\ses4.obj
                end_init                              0        0        4        0       0
                config                             FFF8     FFF8        8     FFF8       0
dist/default/production\unmc_Demo.X.production.obj
                smallconst                          F00      F00       16      780       0
                text14                             162C     162C       34      78B       0
                text13                             1400     1400       7E      78B       0
                text12                             173A     173A       12      78B       0
                text11                             147E     147E       76      78B       0
                text10                             1660     1660       32      78B       0
                text9                              16E0     16E0       24      78B       0
                text8                              159C     159C       4C      78B       0
                text7                              16BA     16BA       26      78B       0
                text6                              14F4     14F4       5C      78B       0
                text5                              1550     1550       4C      78B       0
                text4                              1692     1692       28      78B       0
                text3                              1704     1704       22      78B       0
                text2                              119C     119C      264      78B       0
                text1                               F16      F16      286      78B       0
                text0                              1726     1726       14      78B       0
                cstackCOMRAM                         31       31       1F        1       1
                bssBANK0                             60       60       2C       60       1
                dataCOMRAM                           50       50        E        1       1
                bssCOMRAM                             1        1       30        1       1
                bitbssCOMRAM                        2F0       5E        1        1       1     8
                cinit                              15E8     15E8       44      78B       0
                idataCOMRAM                        174C     174C        E      78B       0

TOTAL           Name                               Link     Load   Length     Space
        CLASS   STACK          

        CLASS   CODE           
                end_init                              0        0        4         0
                text14                             162C     162C       34         0
                text13                             1400     1400       7E         0
                text12                             173A     173A       12         0
                text11                             147E     147E       76         0
                text10                             1660     1660       32         0
                text9                              16E0     16E0       24         0
                text8                              159C     159C       4C         0
                text7                              16BA     16BA       26         0
                text6                              14F4     14F4       5C         0
                text5                              1550     1550       4C         0
                text4                              1692     1692       28         0
                text3                              1704     1704       22         0
                text2                              119C     119C      264         0
                text1                               F16      F16      286         0
                text0                              1726     1726       14         0
                cinit                              15E8     15E8       44         0
                idataCOMRAM                        174C     174C        E         0

        CLASS   CONST          

        CLASS   SMALLCONST     
                smallconst                          F00      F00       16         0

        CLASS   MEDIUMCONST    

        CLASS   COMRAM         
                cstackCOMRAM                         31       31       1F         1
                dataCOMRAM                           50       50        E         1
                bssCOMRAM                             1        1       30         1
                bitbssCOMRAM                        2F0       5E        1         1

        CLASS   ABS1           

        CLASS   BIGRAM         

        CLASS   RAM            

        CLASS   BANK0          
                bssBANK0                             60       60       2C         1

        CLASS   BANK1          

        CLASS   BANK2          

        CLASS   BANK3          

        CLASS   BANK4          

        CLASS   BANK5          

        CLASS   BANK6          

        CLASS   BANK7          

        CLASS   BANK8          

        CLASS   BANK9          

        CLASS   BANK10         

        CLASS   BANK11         

        CLASS   BANK12         

        CLASS   BANK13         

        CLASS   BANK14         

        CLASS   SFR            

        CLASS   FARRAM         

        CLASS   CONFIG         
                config                             FFF8     FFF8        8         0

        CLASS   IDLOC          



SEGMENTS        Name                           Load    Length   Top    Selector   Space  Class

                reset_vec                      000000  000004  000004         0       0  CODE    
                bssCOMRAM                      000001  00005E  00005F         1       1  COMRAM  
                bssBANK0                       000060  00002C  00008C        60       1  BANK0   
                smallconst                     000F00  000016  000F16       780       0  SMALLCON
                text1                          000F16  000844  00175A       78B       0  CODE    
                config                         00FFF8  000008  010000      FFF8       0  CONFIG  


UNUSED ADDRESS RANGES

        Name                Unused          Largest block    Delta
        BANK0            0008C-000FF              74
        BANK1            00100-001FF             100
        BANK10           00A00-00AFF             100
        BANK11           00B00-00BFF             100
        BANK12           00C00-00CFF             100
        BANK13           00D00-00DFF             100
        BANK14           00E00-00EBF              C0
        BANK2            00200-002FF             100
        BANK3            00300-003FF             100
        BANK4            00400-004FF             100
        BANK5            00500-005FF             100
        BANK6            00600-006FF             100
        BANK7            00700-007FF             100
        BANK8            00800-008FF             100
        BANK9            00900-009FF             100
        BIGRAM           0005F-0005F               1
                         0008C-00EBF             E34
        CODE             00004-00EFF             EFC
                         0175A-0FFF7            E89E
        COMRAM           0005F-0005F               1
        CONST            00004-00EFF             EFC
                         0175A-0FFF7            E89E
        MEDIUMCONST      0175A-0FFF7            E89E
        RAM              0008C-00EBF             100
        SFR              00EC0-00FFF              60
        SMALLCONST       0175A-0FFF7             100
        STACK            0008C-00EBF             E34

                                  Symbol Table

?___lwdiv                 cstackCOMRAM  00031
?___lwmod                 cstackCOMRAM  00038
?___wmul                  cstackCOMRAM  00031
?_sprintf                 cstackCOMRAM  0003D
Delay100TCYx@unit         cstackCOMRAM  00031
_ANCON0                   (abs)         00F48
_ANCON1                   (abs)         00F49
_Delay100TCYx             text12        0173A
_LATAbits                 (abs)         00F89
_LATBbits                 (abs)         00F8A
_LCD_INIT_STRING          smallconst    00F0B
_OSCCONbits               (abs)         00FD3
_OSCTUNEbits              (abs)         00F9B
_PORTAbits                (abs)         00F80
_PORTCbits                (abs)         00F82
_RTCCFGbits               (abs)         00F3F
_RtccAlrmTimeDate         bssBANK0      00060
_RtccDate                 bssCOMRAM     00001
_RtccTime                 bssCOMRAM     00005
_RtccTimeDate             bssBANK0      00068
_RtccTimeVal              bssCOMRAM     00009
_Rtcc_read_TimeDate       bssBANK0      00070
_Setup                    text14        0162C
_T1CONbits                (abs)         00FCD
_TRISA                    (abs)         00F92
_TRISB                    (abs)         00F93
_TRISBbits                (abs)         00F93
_TRISC                    (abs)         00F94
__CFG_CP0$OFF             (abs)         00000
__CFG_CPUDIV$OSC1         (abs)         00000
__CFG_DSBOREN$OFF         (abs)         00000
__CFG_DSWDTEN$OFF         (abs)         00000
__CFG_DSWDTOSC$INTOSCREF  (abs)         00000
__CFG_DSWDTPS$G2          (abs)         00000
__CFG_FCMEN$OFF           (abs)         00000
__CFG_IESO$OFF            (abs)         00000
__CFG_IOL1WAY$OFF         (abs)         00000
__CFG_LPT1OSC$OFF         (abs)         00000
__CFG_MSSP7B_EN$MSK7      (abs)         00000
__CFG_OSC$INTOSC          (abs)         00000
__CFG_PLLDIV$1            (abs)         00000
__CFG_RTCOSC$T1OSCREF     (abs)         00000
__CFG_STVREN$ON           (abs)         00000
__CFG_T1DIG$ON            (abs)         00000
__CFG_WDTEN$OFF           (abs)         00000
__CFG_WDTPS$32768         (abs)         00000
__CFG_WPCFG$OFF           (abs)         00000
__CFG_WPDIS$OFF           (abs)         00000
__CFG_XINST$OFF           (abs)         00000
__HRAM                    (abs)         00000
__Habs1                   abs1          00000
__Hbank0                  bank0         00000
__Hbank1                  bank1         00000
__Hbank10                 bank10        00000
__Hbank11                 bank11        00000
__Hbank12                 bank12        00000
__Hbank13                 bank13        00000
__Hbank14                 bank14        00000
__Hbank2                  bank2         00000
__Hbank3                  bank3         00000
__Hbank4                  bank4         00000
__Hbank5                  bank5         00000
__Hbank6                  bank6         00000
__Hbank7                  bank7         00000
__Hbank8                  bank8         00000
__Hbank9                  bank9         00000
__Hbigbss                 bigbss        00000
__Hbigdata                bigdata       00000
__Hbigram                 bigram        00000
__HbitbssCOMRAM           bitbssCOMRAM  00000
__Hbss                    bss           00000
__HbssBANK0               bssBANK0      00000
__HbssCOMRAM              bssCOMRAM     00000
__Hcinit                  cinit         00000
__Hclrtext                clrtext       00000
__Hcomram                 comram        00000
__Hconfig                 config        10000
__Hconst                  const         00000
__HcstackCOMRAM           cstackCOMRAM  00000
__Hdata                   data          00000
__HdataCOMRAM             dataCOMRAM    00000
__Hend_init               end_init      00004
__Hfarbss                 farbss        00000
__Hfardata                fardata       00000
__Hibigdata               ibigdata      00000
__Hidata                  idata         00000
__HidataCOMRAM            idataCOMRAM   00000
__Hidloc                  idloc         00000
__Hifardata               ifardata      00000
__Hinit                   init          00000
__Hintcode                intcode       00000
__Hintcode_body           intcode_body  00000
__Hintcodelo              intcodelo     00000
__Hintentry               intentry      00000
__Hintret                 intret        00000
__Hintsave_regs           intsave_regs  00000
__Hirdata                 irdata        00000
__Hjflash_buffer          jflash_buffer 0F800
__Hmediumconst            mediumconst   00000
__HnvFARRAM               nvFARRAM      00000
__Hnvbit                  nvbit         00000
__Hnvrram                 nvrram        00000
__Hparam                  rparam        00000
__Hpowerup                powerup       00000
__Hram                    ram           00000
__Hramtop                 ramtop        00F00
__Hrbit                   rbit          00000
__Hrbss                   rbss          00000
__Hrdata                  rdata         00000
__Hreset_vec              reset_vec     00000
__Hrparam                 rparam        00000
__Hsfr                    sfr           00000
__Hsmallconst             smallconst    00F16
__Hspace_0                (abs)         10000
__Hspace_1                (abs)         002F1
__Hspace_2                (abs)         00000
__Hstack                  stack         00000
__Hstruct                 struct        00000
__Htemp                   temp          00000
__Htext                   text          00000
__Htext0                  text0         00000
__Htext1                  text1         00000
__Htext10                 text10        00000
__Htext11                 text11        00000
__Htext12                 text12        00000
__Htext13                 text13        00000
__Htext14                 text14        00000
__Htext2                  text2         00000
__Htext3                  text3         00000
__Htext4                  text4         00000
__Htext5                  text5         00000
__Htext6                  text6         00000
__Htext7                  text7         00000
__Htext8                  text8         00000
__Htext9                  text9         00000
__LRAM                    (abs)         00001
__Labs1                   abs1          00000
__Lbank0                  bank0         00000
__Lbank1                  bank1         00000
__Lbank10                 bank10        00000
__Lbank11                 bank11        00000
__Lbank12                 bank12        00000
__Lbank13                 bank13        00000
__Lbank14                 bank14        00000
__Lbank2                  bank2         00000
__Lbank3                  bank3         00000
__Lbank4                  bank4         00000
__Lbank5                  bank5         00000
__Lbank6                  bank6         00000
__Lbank7                  bank7         00000
__Lbank8                  bank8         00000
__Lbank9                  bank9         00000
__Lbigbss                 bigbss        00000
__Lbigdata                bigdata       00000
__Lbigram                 bigram        00000
__LbitbssCOMRAM           bitbssCOMRAM  00000
__Lbss                    bss           00000
__LbssBANK0               bssBANK0      00000
__LbssCOMRAM              bssCOMRAM     00000
__Lcinit                  cinit         00000
__Lclrtext                clrtext       00000
__Lcomram                 comram        00000
__Lconfig                 config        0FFF8
__Lconst                  const         00000
__LcstackCOMRAM           cstackCOMRAM  00000
__Ldata                   data          00000
__LdataCOMRAM             dataCOMRAM    00000
__Lend_init               end_init      00000
__Lfarbss                 farbss        00000
__Lfardata                fardata       00000
__Libigdata               ibigdata      00000
__Lidata                  idata         00000
__LidataCOMRAM            idataCOMRAM   00000
__Lidloc                  idloc         00000
__Lifardata               ifardata      00000
__Linit                   init          00000
__Lintcode                intcode       00000
__Lintcode_body           intcode_body  00000
__Lintcodelo              intcodelo     00000
__Lintentry               intentry      00000
__Lintret                 intret        00000
__Lintsave_regs           intsave_regs  00000
__Lirdata                 irdata        00000
__Ljflash_buffer          jflash_buffer 0F800
__Lmediumconst            mediumconst   00000
__LnvFARRAM               nvFARRAM      00000
__Lnvbit                  nvbit         00000
__Lnvrram                 nvrram        00000
__Lparam                  rparam        00000
__Lpowerup                powerup       00000
__Lram                    ram           00000
__Lramtop                 ramtop        00F00
__Lrbit                   rbit          00000
__Lrbss                   rbss          00000
__Lrdata                  rdata         00000
__Lreset_vec              reset_vec     00000
__Lrparam                 rparam        00000
__Lsfr                    sfr           00000
__Lsmallconst             smallconst    00F00
__Lspace_0                (abs)         00000
__Lspace_1                (abs)         00000
__Lspace_2                (abs)         00000
__Lstack                  stack         00000
__Lstruct                 struct        00000
__Ltemp                   temp          00000
__Ltext                   text          00000
__Ltext0                  text0         00000
__Ltext1                  text1         00000
__Ltext10                 text10        00000
__Ltext11                 text11        00000
__Ltext12                 text12        00000
__Ltext13                 text13        00000
__Ltext14                 text14        00000
__Ltext2                  text2         00000
__Ltext3                  text3         00000
__Ltext4                  text4         00000
__Ltext5                  text5         00000
__Ltext6                  text6         00000
__Ltext7                  text7         00000
__Ltext8                  text8         00000
__Ltext9                  text9         00000
__S0                      (abs)         10000
__S1                      (abs)         0008C
__S2                      (abs)         00000
___inthi_sp               stack         00000
___intlo_sp               stack         00000
___lwdiv                  text6         014F4
___lwdiv@counter          cstackCOMRAM  00037
___lwdiv@dividend         cstackCOMRAM  00031
___lwdiv@divisor          cstackCOMRAM  00033
___lwdiv@quotient         cstackCOMRAM  00035
___lwmod                  text5         01550
___lwmod@counter          cstackCOMRAM  0003C
___lwmod@dividend         cstackCOMRAM  00038
___lwmod@divisor          cstackCOMRAM  0003A
___param_bank             (abs)         00010
___rparam_used            (abs)         00001
___sp                     stack         00000
___wmul                   text4         01692
___wmul@multiplicand      cstackCOMRAM  00033
___wmul@multiplier        cstackCOMRAM  00031
___wmul@product           cstackCOMRAM  00035
__accesstop               (abs)         00060
__activetblptr            (abs)         00002
__end_of_Delay100TCYx     text12        0174C
__end_of_LCD_INIT_STRING  smallconst    00F0F
__end_of_Setup            text14        01660
__end_of___lwdiv          text6         01550
__end_of___lwmod          text5         0159C
__end_of___wmul           text4         016BA
__end_of__initialization  cinit         01622
__end_of_dpowers          smallconst    00F0B
__end_of_isdigit          text3         01726
__end_of_lcd_gotoxy       text9         01704
__end_of_lcd_putc         text8         015E8
__end_of_lcd_putrs        text7         016E0
__end_of_lcd_send_byte    text10        01692
__end_of_lcd_send_nibble  text11        014F4
__end_of_main             text0         0173A
__end_of_on_led           text13        0147E
__end_of_read_keyboard    text1         0119C
__end_of_sprintf          text2         01400
__initialization          cinit         015E8
__mediumconst             mediumconst   00000
__pbitbssCOMRAM           bitbssCOMRAM  002F0
__pbssBANK0               bssBANK0      00060
__pbssCOMRAM              bssCOMRAM     00001
__pcinit                  cinit         015E8
__pcstackCOMRAM           cstackCOMRAM  00031
__pdataCOMRAM             dataCOMRAM    00050
__pidataCOMRAM            idataCOMRAM   0174C
__psmallconst             smallconst    00F00
__ptext0                  text0         01726
__ptext1                  text1         00F16
__ptext10                 text10        01660
__ptext11                 text11        0147E
__ptext12                 text12        0173A
__ptext13                 text13        01400
__ptext14                 text14        0162C
__ptext2                  text2         0119C
__ptext3                  text3         01704
__ptext4                  text4         01692
__ptext5                  text5         01550
__ptext6                  text6         014F4
__ptext7                  text7         016BA
__ptext8                  text8         0159C
__ptext9                  text9         016E0
__ramtop                  ramtop        00F00
__size_of_Delay100TCYx    (abs)         00000
__size_of_Setup           (abs)         00000
__size_of___lwdiv         (abs)         00000
__size_of___lwmod         (abs)         00000
__size_of___wmul          (abs)         00000
__size_of_isdigit         (abs)         00000
__size_of_lcd_gotoxy      (abs)         00000
__size_of_lcd_putc        (abs)         00000
__size_of_lcd_putrs       (abs)         00000
__size_of_lcd_send_byte   (abs)         00000
__size_of_lcd_send_nibble (abs)         00000
__size_of_main            (abs)         00000
__size_of_on_led          (abs)         00000
__size_of_read_keyboard   (abs)         00000
__size_of_sprintf         (abs)         00000
__smallconst              smallconst    00F00
_a                        bssCOMRAM     0000D
_anio                     dataCOMRAM    00050
_anio_d                   bssCOMRAM     00023
_anio_u                   bssCOMRAM     00024
_b                        bssCOMRAM     0000F
_buffer2                  bssBANK0      00078
_c                        bssCOMRAM     00011
_dia                      dataCOMRAM    00052
_diaDisparo               bssCOMRAM     00013
_dia_semana               bssCOMRAM     00025
_diasem                   dataCOMRAM    00054
_dpowers                  smallconst    00F01
_fecha_d                  bssCOMRAM     00026
_fecha_u                  bssCOMRAM     00027
_flag                     bitbssCOMRAM  002F0
_hora                     dataCOMRAM    00056
_horaDisparo              bssCOMRAM     00015
_hora_d                   bssCOMRAM     00028
_hora_u                   bssCOMRAM     00029
_i                        bssCOMRAM     00017
_isdigit                  text3         01704
_isdigit$1296             cstackCOMRAM  00032
_j                        bssCOMRAM     00019
_k                        bssCOMRAM     0001B
_key                      dataCOMRAM    0005C
_lcd_gotoxy               text9         016E0
_lcd_putc                 text8         0159C
_lcd_putrs                text7         016BA
_lcd_send_byte            text10        01660
_lcd_send_nibble          text11        0147E
_main                     text0         01726
_mes                      dataCOMRAM    00058
_mesDisparo               bssCOMRAM     0001D
_mes_d                    bssCOMRAM     0002A
_mes_u                    bssCOMRAM     0002B
_minDisparo               bssCOMRAM     0001F
_minuto                   dataCOMRAM    0005A
_minuto_d                 bssCOMRAM     0002C
_minuto_u                 bssCOMRAM     0002D
_on_led                   text13        01400
_read_keyboard            text1         00F16
_segundo                  bssCOMRAM     00021
_segundo_d                bssCOMRAM     0002E
_segundo_u                bssCOMRAM     0002F
_sensorDisparado          bssCOMRAM     00030
_sprintf                  text2         0119C
_state_alarm              dataCOMRAM    0005D
end_of_initialization     cinit         01622
intlevel0                 text          00000
intlevel1                 text          00000
intlevel2                 text          00000
intlevel3                 text          00000
isdigit@c                 cstackCOMRAM  00033
lcd_gotoxy@address        cstackCOMRAM  00037
lcd_gotoxy@x              cstackCOMRAM  00036
lcd_gotoxy@y              cstackCOMRAM  00035
lcd_putc@c                cstackCOMRAM  00038
lcd_putrs@ptr             cstackCOMRAM  00039
lcd_send_byte@address     cstackCOMRAM  00034
lcd_send_byte@n           cstackCOMRAM  00033
lcd_send_nibble@nibble    cstackCOMRAM  00032
on_led@i                  cstackCOMRAM  00036
on_led@intensity          cstackCOMRAM  00034
on_led@key                cstackCOMRAM  00033
sprintf@ap                cstackCOMRAM  00047
sprintf@c                 cstackCOMRAM  0004F
sprintf@f                 cstackCOMRAM  0003F
sprintf@flag              cstackCOMRAM  00049
sprintf@prec              cstackCOMRAM  0004C
sprintf@sp                cstackCOMRAM  0003D
sprintf@val               cstackCOMRAM  0004A
sprintf@width             cstackCOMRAM  0004D
stackhi                   (abs)         00EBF
stacklo                   (abs)         0008C
start                     init          00000
start_initialization      cinit         015E8


FUNCTION INFORMATION:

 *************** function _main *****************
 Defined at:
		line 87 in file "main.c"
 Parameters:    Size  Location     Type
		None
 Auto vars:     Size  Location     Type
		None
 Return value:  Size  Location     Type
                  2  119[None  ] int 
 Registers used:
		wreg, fsr2l, fsr2h, status,2, status,0, tblptrl, tblptrh, tblptru, prodl, prodh, cstack
 Tracked objects:
		On entry : 
		On exit  : 
		Unchanged: 
 Data sizes:     COMRAM   BANK0   BANK1   BANK2   BANK3   BANK4   BANK5   BANK6   BANK7   BANK8   BANK9  BANK10  BANK11  BANK12  BANK13  BANK14
      Params:         0       0       0       0       0       0       0       0       0       0       0       0       0       0       0       0
      Locals:         0       0       0       0       0       0       0       0       0       0       0       0       0       0       0       0
      Temps:          0       0       0       0       0       0       0       0       0       0       0       0       0       0       0       0
      Totals:         0       0       0       0       0       0       0       0       0       0       0       0       0       0       0       0
Total ram usage:        0 bytes
 Hardware stack levels required when called:    6
 This function calls:
		_Setup
		_on_led
		_read_keyboard
 This function is called by:
		Startup code after reset
 This function uses a non-reentrant model


 *************** function _read_keyboard *****************
 Defined at:
		line 8 in file "keyboard.c"
 Parameters:    Size  Location     Type
		None
 Auto vars:     Size  Location     Type
		None
 Return value:  Size  Location     Type
                  1    wreg      unsigned char 
 Registers used:
		wreg, fsr2l, fsr2h, status,2, status,0, tblptrl, tblptrh, tblptru, prodl, prodh, cstack
 Tracked objects:
		On entry : 
		On exit  : 
		Unchanged: 
 Data sizes:     COMRAM   BANK0   BANK1   BANK2   BANK3   BANK4   BANK5   BANK6   BANK7   BANK8   BANK9  BANK10  BANK11  BANK12  BANK13  BANK14
      Params:         0       0       0       0       0       0       0       0       0       0       0       0       0       0       0       0
      Locals:         0       0       0       0       0       0       0       0       0       0       0       0       0       0       0       0
      Temps:          0       0       0       0       0       0       0       0       0       0       0       0       0       0       0       0
      Totals:         0       0       0       0       0       0       0       0       0       0       0       0       0       0       0       0
Total ram usage:        0 bytes
 Hardware stack levels used:    1
 Hardware stack levels required when called:    5
 This function calls:
		_lcd_putrs
		_sprintf
 This function is called by:
		_main
 This function uses a non-reentrant model


 *************** function _sprintf *****************
 Defined at:
		line 492 in file "C:\Program Files\Microchip\xc8\v1.34\sources\common\doprnt.c"
 Parameters:    Size  Location     Type
  sp              2   12[COMRAM] PTR unsigned char 
		 -> buffer2(20), 
  f               2   14[COMRAM] PTR const unsigned char 
		 -> STR_10(5), STR_9(5), STR_8(5), STR_7(5), 
		 -> STR_6(5), STR_5(5), STR_4(5), STR_3(5), 
		 -> STR_2(5), STR_1(5), 
 Auto vars:     Size  Location     Type
  tmpval          4    0        struct .
  cp              3    0        PTR const unsigned char 
  width           2   28[COMRAM] int 
  val             2   25[COMRAM] unsigned int 
  ap              2   22[COMRAM] PTR void [1]
		 -> ?_sprintf(2), 
  len             2    0        unsigned int 
  c               1   30[COMRAM] char 
  prec            1   27[COMRAM] char 
  flag            1   24[COMRAM] unsigned char 
 Return value:  Size  Location     Type
                  2   12[COMRAM] int 
 Registers used:
		wreg, fsr2l, fsr2h, status,2, status,0, tblptrl, tblptrh, tblptru, prodl, prodh, cstack
 Tracked objects:
		On entry : 
		On exit  : 
		Unchanged: 
 Data sizes:     COMRAM   BANK0   BANK1   BANK2   BANK3   BANK4   BANK5   BANK6   BANK7   BANK8   BANK9  BANK10  BANK11  BANK12  BANK13  BANK14
      Params:         6       0       0       0       0       0       0       0       0       0       0       0       0       0       0       0
      Locals:         9       0       0       0       0       0       0       0       0       0       0       0       0       0       0       0
      Temps:          4       0       0       0       0       0       0       0       0       0       0       0       0       0       0       0
      Totals:        19       0       0       0       0       0       0       0       0       0       0       0       0       0       0       0
Total ram usage:       19 bytes
 Hardware stack levels used:    1
 Hardware stack levels required when called:    1
 This function calls:
		___lwdiv
		___lwmod
		___wmul
		_isdigit
 This function is called by:
		_read_keyboard
 This function uses a non-reentrant model


 *************** function _isdigit *****************
 Defined at:
		line 8 in file "C:\Program Files\Microchip\xc8\v1.34\sources\common\isdigit.c"
 Parameters:    Size  Location     Type
  c               1    wreg     unsigned char 
 Auto vars:     Size  Location     Type
  c               1    2[COMRAM] unsigned char 
 Return value:  Size  Location     Type
		None               void
 Registers used:
		wreg, status,2, status,0
 Tracked objects:
		On entry : 
		On exit  : 
		Unchanged: 
 Data sizes:     COMRAM   BANK0   BANK1   BANK2   BANK3   BANK4   BANK5   BANK6   BANK7   BANK8   BANK9  BANK10  BANK11  BANK12  BANK13  BANK14
      Params:         0       0       0       0       0       0       0       0       0       0       0       0       0       0       0       0
      Locals:         2       0       0       0       0       0       0       0       0       0       0       0       0       0       0       0
      Temps:          1       0       0       0       0       0       0       0       0       0       0       0       0       0       0       0
      Totals:         3       0       0       0       0       0       0       0       0       0       0       0       0       0       0       0
Total ram usage:        3 bytes
 Hardware stack levels used:    1
 This function calls:
		Nothing
 This function is called by:
		_sprintf
 This function uses a non-reentrant model


 *************** function ___wmul *****************
 Defined at:
		line 15 in file "C:\Program Files\Microchip\xc8\v1.34\sources\common\Umul16.c"
 Parameters:    Size  Location     Type
  multiplier      2    0[COMRAM] unsigned int 
  multiplicand    2    2[COMRAM] unsigned int 
 Auto vars:     Size  Location     Type
  product         2    4[COMRAM] unsigned int 
 Return value:  Size  Location     Type
                  2    0[COMRAM] unsigned int 
 Registers used:
		wreg, status,2, status,0, prodl, prodh
 Tracked objects:
		On entry : 
		On exit  : 
		Unchanged: 
 Data sizes:     COMRAM   BANK0   BANK1   BANK2   BANK3   BANK4   BANK5   BANK6   BANK7   BANK8   BANK9  BANK10  BANK11  BANK12  BANK13  BANK14
      Params:         4       0       0       0       0       0       0       0       0       0       0       0       0       0       0       0
      Locals:         2       0       0       0       0       0       0       0       0       0       0       0       0       0       0       0
      Temps:          0       0       0       0       0       0       0       0       0       0       0       0       0       0       0       0
      Totals:         6       0       0       0       0       0       0       0       0       0       0       0       0       0       0       0
Total ram usage:        6 bytes
 Hardware stack levels used:    1
 This function calls:
		Nothing
 This function is called by:
		_sprintf
 This function uses a non-reentrant model


 *************** function ___lwmod *****************
 Defined at:
		line 8 in file "C:\Program Files\Microchip\xc8\v1.34\sources\common\lwmod.c"
 Parameters:    Size  Location     Type
  dividend        2    7[COMRAM] unsigned int 
  divisor         2    9[COMRAM] unsigned int 
 Auto vars:     Size  Location     Type
  counter         1   11[COMRAM] unsigned char 
 Return value:  Size  Location     Type
                  2    7[COMRAM] unsigned int 
 Registers used:
		wreg, status,2, status,0
 Tracked objects:
		On entry : 
		On exit  : 
		Unchanged: 
 Data sizes:     COMRAM   BANK0   BANK1   BANK2   BANK3   BANK4   BANK5   BANK6   BANK7   BANK8   BANK9  BANK10  BANK11  BANK12  BANK13  BANK14
      Params:         4       0       0       0       0       0       0       0       0       0       0       0       0       0       0       0
      Locals:         1       0       0       0       0       0       0       0       0       0       0       0       0       0       0       0
      Temps:          0       0       0       0       0       0       0       0       0       0       0       0       0       0       0       0
      Totals:         5       0       0       0       0       0       0       0       0       0       0       0       0       0       0       0
Total ram usage:        5 bytes
 Hardware stack levels used:    1
 This function calls:
		Nothing
 This function is called by:
		_sprintf
 This function uses a non-reentrant model


 *************** function ___lwdiv *****************
 Defined at:
		line 8 in file "C:\Program Files\Microchip\xc8\v1.34\sources\common\lwdiv.c"
 Parameters:    Size  Location     Type
  dividend        2    0[COMRAM] unsigned int 
  divisor         2    2[COMRAM] unsigned int 
 Auto vars:     Size  Location     Type
  quotient        2    4[COMRAM] unsigned int 
  counter         1    6[COMRAM] unsigned char 
 Return value:  Size  Location     Type
                  2    0[COMRAM] unsigned int 
 Registers used:
		wreg, status,2, status,0
 Tracked objects:
		On entry : 
		On exit  : 
		Unchanged: 
 Data sizes:     COMRAM   BANK0   BANK1   BANK2   BANK3   BANK4   BANK5   BANK6   BANK7   BANK8   BANK9  BANK10  BANK11  BANK12  BANK13  BANK14
      Params:         4       0       0       0       0       0       0       0       0       0       0       0       0       0       0       0
      Locals:         3       0       0       0       0       0       0       0       0       0       0       0       0       0       0       0
      Temps:          0       0       0       0       0       0       0       0       0       0       0       0       0       0       0       0
      Totals:         7       0       0       0       0       0       0       0       0       0       0       0       0       0       0       0
Total ram usage:        7 bytes
 Hardware stack levels used:    1
 This function calls:
		Nothing
 This function is called by:
		_sprintf
 This function uses a non-reentrant model


 *************** function _lcd_putrs *****************
 Defined at:
		line 221 in file "C:/Archivos de programa/Unimic/unmc_01/sources/unmc_lcd_216.c"
 Parameters:    Size  Location     Type
  ptr             2    8[COMRAM] PTR const unsigned char 
		 -> buffer2(20), 
 Auto vars:     Size  Location     Type
		None
 Return value:  Size  Location     Type
		None               void
 Registers used:
		wreg, fsr2l, fsr2h, status,2, status,0, cstack
 Tracked objects:
		On entry : 
		On exit  : 
		Unchanged: 
 Data sizes:     COMRAM   BANK0   BANK1   BANK2   BANK3   BANK4   BANK5   BANK6   BANK7   BANK8   BANK9  BANK10  BANK11  BANK12  BANK13  BANK14
      Params:         2       0       0       0       0       0       0       0       0       0       0       0       0       0       0       0
      Locals:         0       0       0       0       0       0       0       0       0       0       0       0       0       0       0       0
      Temps:          0       0       0       0       0       0       0       0       0       0       0       0       0       0       0       0
      Totals:         2       0       0       0       0       0       0       0       0       0       0       0       0       0       0       0
Total ram usage:        2 bytes
 Hardware stack levels used:    1
 Hardware stack levels required when called:    4
 This function calls:
		_lcd_putc
 This function is called by:
		_read_keyboard
 This function uses a non-reentrant model


 *************** function _lcd_putc *****************
 Defined at:
		line 172 in file "C:/Archivos de programa/Unimic/unmc_01/sources/unmc_lcd_216.c"
 Parameters:    Size  Location     Type
  c               1    wreg     unsigned char 
 Auto vars:     Size  Location     Type
  c               1    7[COMRAM] unsigned char 
 Return value:  Size  Location     Type
		None               void
 Registers used:
		wreg, status,2, status,0, cstack
 Tracked objects:
		On entry : 
		On exit  : 
		Unchanged: 
 Data sizes:     COMRAM   BANK0   BANK1   BANK2   BANK3   BANK4   BANK5   BANK6   BANK7   BANK8   BANK9  BANK10  BANK11  BANK12  BANK13  BANK14
      Params:         0       0       0       0       0       0       0       0       0       0       0       0       0       0       0       0
      Locals:         1       0       0       0       0       0       0       0       0       0       0       0       0       0       0       0
      Temps:          0       0       0       0       0       0       0       0       0       0       0       0       0       0       0       0
      Totals:         1       0       0       0       0       0       0       0       0       0       0       0       0       0       0       0
Total ram usage:        1 bytes
 Hardware stack levels used:    1
 Hardware stack levels required when called:    3
 This function calls:
		_lcd_gotoxy
		_lcd_send_byte
 This function is called by:
		_lcd_putrs
		_lcd_puts
 This function uses a non-reentrant model


 *************** function _lcd_gotoxy *****************
 Defined at:
		line 158 in file "C:/Archivos de programa/Unimic/unmc_01/sources/unmc_lcd_216.c"
 Parameters:    Size  Location     Type
  x               1    wreg     unsigned char 
  y               1    4[COMRAM] unsigned char 
 Auto vars:     Size  Location     Type
  x               1    5[COMRAM] unsigned char 
  address         1    6[COMRAM] unsigned char 
 Return value:  Size  Location     Type
		None               void
 Registers used:
		wreg, status,2, status,0, cstack
 Tracked objects:
		On entry : 
		On exit  : 
		Unchanged: 
 Data sizes:     COMRAM   BANK0   BANK1   BANK2   BANK3   BANK4   BANK5   BANK6   BANK7   BANK8   BANK9  BANK10  BANK11  BANK12  BANK13  BANK14
      Params:         1       0       0       0       0       0       0       0       0       0       0       0       0       0       0       0
      Locals:         2       0       0       0       0       0       0       0       0       0       0       0       0       0       0       0
      Temps:          0       0       0       0       0       0       0       0       0       0       0       0       0       0       0       0
      Totals:         3       0       0       0       0       0       0       0       0       0       0       0       0       0       0       0
Total ram usage:        3 bytes
 Hardware stack levels used:    1
 Hardware stack levels required when called:    2
 This function calls:
		_lcd_send_byte
 This function is called by:
		_lcd_putc
 This function uses a non-reentrant model


 *************** function _lcd_send_byte *****************
 Defined at:
		line 86 in file "C:/Archivos de programa/Unimic/unmc_01/sources/unmc_lcd_216.c"
 Parameters:    Size  Location     Type
  address         1    wreg     unsigned char 
  n               1    2[COMRAM] unsigned char 
 Auto vars:     Size  Location     Type
  address         1    3[COMRAM] unsigned char 
 Return value:  Size  Location     Type
		None               void
 Registers used:
		wreg, status,2, status,0, cstack
 Tracked objects:
		On entry : 
		On exit  : 
		Unchanged: 
 Data sizes:     COMRAM   BANK0   BANK1   BANK2   BANK3   BANK4   BANK5   BANK6   BANK7   BANK8   BANK9  BANK10  BANK11  BANK12  BANK13  BANK14
      Params:         1       0       0       0       0       0       0       0       0       0       0       0       0       0       0       0
      Locals:         1       0       0       0       0       0       0       0       0       0       0       0       0       0       0       0
      Temps:          0       0       0       0       0       0       0       0       0       0       0       0       0       0       0       0
      Totals:         2       0       0       0       0       0       0       0       0       0       0       0       0       0       0       0
Total ram usage:        2 bytes
 Hardware stack levels used:    1
 Hardware stack levels required when called:    1
 This function calls:
		_Delay100TCYx
		_lcd_send_nibble
 This function is called by:
		_lcd_gotoxy
		_lcd_putc
		_lcd_init
		_lcd_comand
		_lcd_setcursor_vb
 This function uses a non-reentrant model


 *************** function _lcd_send_nibble *****************
 Defined at:
		line 25 in file "C:/Archivos de programa/Unimic/unmc_01/sources/unmc_lcd_216.c"
 Parameters:    Size  Location     Type
  nibble          1    wreg     unsigned char 
 Auto vars:     Size  Location     Type
  nibble          1    1[COMRAM] unsigned char 
 Return value:  Size  Location     Type
		None               void
 Registers used:
		wreg, status,2, status,0
 Tracked objects:
		On entry : 
		On exit  : 
		Unchanged: 
 Data sizes:     COMRAM   BANK0   BANK1   BANK2   BANK3   BANK4   BANK5   BANK6   BANK7   BANK8   BANK9  BANK10  BANK11  BANK12  BANK13  BANK14
      Params:         0       0       0       0       0       0       0       0       0       0       0       0       0       0       0       0
      Locals:         1       0       0       0       0       0       0       0       0       0       0       0       0       0       0       0
      Temps:          1       0       0       0       0       0       0       0       0       0       0       0       0       0       0       0
      Totals:         2       0       0       0       0       0       0       0       0       0       0       0       0       0       0       0
Total ram usage:        2 bytes
 Hardware stack levels used:    1
 This function calls:
		Nothing
 This function is called by:
		_lcd_send_byte
		_lcd_init
 This function uses a non-reentrant model


 *************** function _Delay100TCYx *****************
 Defined at:
		line 8 in file "C:\Program Files\Microchip\xc8\v1.34\sources\pic18\d100tcyx.c"
 Parameters:    Size  Location     Type
  unit            1    wreg     unsigned char 
 Auto vars:     Size  Location     Type
  unit            1    0[COMRAM] unsigned char 
 Return value:  Size  Location     Type
		None               void
 Registers used:
		wreg
 Tracked objects:
		On entry : 
		On exit  : 
		Unchanged: 
 Data sizes:     COMRAM   BANK0   BANK1   BANK2   BANK3   BANK4   BANK5   BANK6   BANK7   BANK8   BANK9  BANK10  BANK11  BANK12  BANK13  BANK14
      Params:         0       0       0       0       0       0       0       0       0       0       0       0       0       0       0       0
      Locals:         1       0       0       0       0       0       0       0       0       0       0       0       0       0       0       0
      Temps:          0       0       0       0       0       0       0       0       0       0       0       0       0       0       0       0
      Totals:         1       0       0       0       0       0       0       0       0       0       0       0       0       0       0       0
Total ram usage:        1 bytes
 Hardware stack levels used:    1
 This function calls:
		Nothing
 This function is called by:
		_lcd_send_byte
 This function uses a non-reentrant model


 *************** function _on_led *****************
 Defined at:
		line 72 in file "main.c"
 Parameters:    Size  Location     Type
  key             1    wreg     unsigned char 
 Auto vars:     Size  Location     Type
  key             1    2[COMRAM] unsigned char 
  i               2    5[COMRAM] int 
  intensity       2    3[COMRAM] short 
 Return value:  Size  Location     Type
                  2  111[None  ] int 
 Registers used:
		wreg, status,2, status,0
 Tracked objects:
		On entry : 
		On exit  : 
		Unchanged: 
 Data sizes:     COMRAM   BANK0   BANK1   BANK2   BANK3   BANK4   BANK5   BANK6   BANK7   BANK8   BANK9  BANK10  BANK11  BANK12  BANK13  BANK14
      Params:         0       0       0       0       0       0       0       0       0       0       0       0       0       0       0       0
      Locals:         5       0       0       0       0       0       0       0       0       0       0       0       0       0       0       0
      Temps:          2       0       0       0       0       0       0       0       0       0       0       0       0       0       0       0
      Totals:         7       0       0       0       0       0       0       0       0       0       0       0       0       0       0       0
Total ram usage:        7 bytes
 Hardware stack levels used:    1
 This function calls:
		Nothing
 This function is called by:
		_main
 This function uses a non-reentrant model


 *************** function _Setup *****************
 Defined at:
		line 37 in file "main.c"
 Parameters:    Size  Location     Type
		None
 Auto vars:     Size  Location     Type
		None
 Return value:  Size  Location     Type
		None               void
 Registers used:
		wreg, status,2
 Tracked objects:
		On entry : 
		On exit  : 
		Unchanged: 
 Data sizes:     COMRAM   BANK0   BANK1   BANK2   BANK3   BANK4   BANK5   BANK6   BANK7   BANK8   BANK9  BANK10  BANK11  BANK12  BANK13  BANK14
      Params:         0       0       0       0       0       0       0       0       0       0       0       0       0       0       0       0
      Locals:         0       0       0       0       0       0       0       0       0       0       0       0       0       0       0       0
      Temps:          0       0       0       0       0       0       0       0       0       0       0       0       0       0       0       0
      Totals:         0       0       0       0       0       0       0       0       0       0       0       0       0       0       0       0
Total ram usage:        0 bytes
 Hardware stack levels used:    1
 This function calls:
		Nothing
 This function is called by:
		_main
 This function uses a non-reentrant model



MODULE INFORMATION

Module		Function		Class		Link	Load	Size
C:\Program Files\Microchip\xc8\v1.34\sources\common\lwmod.c
		___lwmod       		CODE           	1550	0000	77

C:\Program Files\Microchip\xc8\v1.34\sources\common\lwmod.c estimated size: 77

C:\Program Files\Microchip\xc8\v1.34\sources\common\doprnt.c
		_sprintf       		CODE           	119C	0000	613

C:\Program Files\Microchip\xc8\v1.34\sources\common\doprnt.c estimated size: 613

C:\Program Files\Microchip\xc8\v1.34\sources\common\lwdiv.c
		___lwdiv       		CODE           	14F4	0000	93

C:\Program Files\Microchip\xc8\v1.34\sources\common\lwdiv.c estimated size: 93

C:\Program Files\Microchip\xc8\v1.34\sources\common\Umul16.c
		___wmul        		CODE           	1692	0000	41

C:\Program Files\Microchip\xc8\v1.34\sources\common\Umul16.c estimated size: 41

shared
		_dpowers       		SMALLCONST     	0F01	0000	11
		_LCD_INIT_STRIN		SMALLCONST     	0F0B	0000	5
		__initializatio		CODE           	15E8	0000	59

shared estimated size: 75

C:\Program Files\Microchip\xc8\v1.34\sources\pic18\d100tcyx.c
		_Delay100TCYx  		CODE           	173A	0000	19

C:\Program Files\Microchip\xc8\v1.34\sources\pic18\d100tcyx.c estimated size: 19

C:\Program Files\Microchip\xc8\v1.34\sources\common\isdigit.c
		_isdigit       		CODE           	1704	0000	35

C:\Program Files\Microchip\xc8\v1.34\sources\common\isdigit.c estimated size: 35

C:/Archivos de programa/Unimic/unmc_01/sources/unmc_lcd_216.c
		_lcd_putc      		CODE           	159C	0000	77
		_lcd_putrs     		CODE           	16BA	0000	39
		_lcd_send_byte 		CODE           	1660	0000	51
		_lcd_gotoxy    		CODE           	16E0	0000	37
		_lcd_send_nibbl		CODE           	147E	0000	119

C:/Archivos de programa/Unimic/unmc_01/sources/unmc_lcd_216.c estimated size: 323

main.c
		_main          		CODE           	1726	0000	21
		_Setup         		CODE           	162C	0000	53
		_on_led        		CODE           	1400	0000	127

main.c estimated size: 201

keyboard.c
		_read_keyboard 		CODE           	0F16	0000	647

keyboard.c estimated size: 647

