Microchip MPLAB XC8 Compiler V1.34 ()

Linker command line:

--edf=C:\Program Files\Microchip\xc8\v1.34\dat\en_msgs.txt -cs \
  -h+dist/default/production\unmc_Demo.X.production.sym \
  --cmf=dist/default/production\unmc_Demo.X.production.cmf -z -Q18F26J50 \
  -oC:\Users\Matias\AppData\Local\Temp\s1v18.6 \
  -Mdist/default/production/unmc_Demo.X.production.map -E1 -ver=XC8 \
  -ASTACK=0A0h-0ebfh -pstack=STACK -ACODE=00h-0FFF7h -ACONST=00h-0FFF7h \
  -ASMALLCONST=0F00h-0FFFhx240,0FF00h-0FFF7h -AMEDIUMCONST=0F00h-0FFF7h \
  -ACOMRAM=01h-05Fh -AABS1=00h-0EBFh -ABIGRAM=01h-0EBFh \
  -ARAM=060h-0FFh,0100h-01FFhx13,0E00h-0EBFh -ABANK0=060h-0FFh \
  -ABANK1=0100h-01FFh -ABANK2=0200h-02FFh -ABANK3=0300h-03FFh \
  -ABANK4=0400h-04FFh -ABANK5=0500h-05FFh -ABANK6=0600h-06FFh \
  -ABANK7=0700h-07FFh -ABANK8=0800h-08FFh -ABANK9=0900h-09FFh \
  -ABANK10=0A00h-0AFFh -ABANK11=0B00h-0BFFh -ABANK12=0C00h-0CFFh \
  -ABANK13=0D00h-0DFFh -ABANK14=0E00h-0EBFh \
  -ASFR=0EC0h-0EFFh,0F00h-0F5Fh,0F60h-0FFFh \
  -preset_vec=00h,intcode,intcodelo,powerup,init,end_init -pramtop=0F00h \
  -psmallconst=SMALLCONST -pmediumconst=MEDIUMCONST -pconst=CONST \
  -AFARRAM=00h-00h -ACONFIG=0FFF8h-0FFFFh -pconfig=CONFIG \
  -pjflash_buffer=0F800h \
  -prdata=COMRAM,nvrram=COMRAM,nvbit=COMRAM,rbss=COMRAM,rbit=COMRAM \
  -pfarbss=FARRAM,fardata=FARRAM,nvFARRAM=FARRAM \
  -pintsave_regs=BIGRAM,bigbss=BIGRAM,bigdata=BIGRAM -pbss=RAM \
  -pidata=CODE,irdata=CODE,ibigdata=CODE,ifardata=CODE -prparam=COMRAM \
  C:\Users\Matias\AppData\Local\Temp\s1v18.obj \
  dist/default/production\unmc_Demo.X.production.obj 

Object code version is 3.11

Machine type is 18F26J50

Call graph: (short form)




                Name                               Link     Load   Length Selector   Space Scale
C:\Users\Matias\AppData\Local\Temp\s1v18.obj
                end_init                              0        0        4        0       0
                config                             FFF8     FFF8        8     FFF8       0
dist/default/production\unmc_Demo.X.production.obj
                smallconst                          F00      F00        6      780       0
                text11                             14AA     14AA       2E      783       0
                text10                             120A     120A       C6      783       0
                text9                              146E     146E       3C      783       0
                text8                              111E     111E       EC      783       0
                text7                              101C     101C      102      783       0
                text6                              14D8     14D8       28      783       0
                text5                              13C4     13C4       66      783       0
                text4                              152A     152A        8      A95       0
                text3                              12D0     12D0       8A      783       0
                text2                              135A     135A       6A      783       0
                text1                               F06      F06      116      783       0
                text0                              1500     1500       1A      783       0
                cstackCOMRAM                          1        1       32        1       1
                bssBANK0                             60       60       40       60       1
                dataCOMRAM                           4F       4F        F        1       1
                bssCOMRAM                            33       33       1C        1       1
                bitbssCOMRAM                        2F0       5E        1        1       1     8
                cinit                              142A     142A       44      783       0
                idataCOMRAM                        151A     151A        F      783       0

TOTAL           Name                               Link     Load   Length     Space
        CLASS   STACK          

        CLASS   CODE           
                end_init                              0        0        4         0
                text11                             14AA     14AA       2E         0
                text10                             120A     120A       C6         0
                text9                              146E     146E       3C         0
                text8                              111E     111E       EC         0
                text7                              101C     101C      102         0
                text6                              14D8     14D8       28         0
                text5                              13C4     13C4       66         0
                text4                              152A     152A        8         0
                text3                              12D0     12D0       8A         0
                text2                              135A     135A       6A         0
                text1                               F06      F06      116         0
                text0                              1500     1500       1A         0
                cinit                              142A     142A       44         0
                idataCOMRAM                        151A     151A        F         0

        CLASS   CONST          

        CLASS   SMALLCONST     
                smallconst                          F00      F00        6         0

        CLASS   MEDIUMCONST    

        CLASS   COMRAM         
                cstackCOMRAM                          1        1       32         1
                dataCOMRAM                           4F       4F        F         1
                bssCOMRAM                            33       33       1C         1
                bitbssCOMRAM                        2F0       5E        1         1

        CLASS   ABS1           

        CLASS   BIGRAM         

        CLASS   RAM            

        CLASS   BANK0          
                bssBANK0                             60       60       40         1

        CLASS   BANK1          

        CLASS   BANK2          

        CLASS   BANK3          

        CLASS   BANK4          

        CLASS   BANK5          

        CLASS   BANK6          

        CLASS   BANK7          

        CLASS   BANK8          

        CLASS   BANK9          

        CLASS   BANK10         

        CLASS   BANK11         

        CLASS   BANK12         

        CLASS   BANK13         

        CLASS   BANK14         

        CLASS   SFR            

        CLASS   FARRAM         

        CLASS   CONFIG         
                config                             FFF8     FFF8        8         0

        CLASS   IDLOC          



SEGMENTS        Name                           Load    Length   Top    Selector   Space  Class

                reset_vec                      000000  000004  000004         0       0  CODE    
                cstackCOMRAM                   000001  00005E  00005F         1       1  COMRAM  
                bssBANK0                       000060  000040  0000A0        60       1  BANK0   
                smallconst                     000F00  000006  000F06       780       0  SMALLCON
                text1                          000F06  000623  001529       783       0  CODE    
                text4                          00152A  000008  001532       A95       0  CODE    
                config                         00FFF8  000008  010000      FFF8       0  CONFIG  


UNUSED ADDRESS RANGES

        Name                Unused          Largest block    Delta
        BANK0            000A0-000FF              60
        BANK1            00100-001FF             100
        BANK10           00A00-00AFF             100
        BANK11           00B00-00BFF             100
        BANK12           00C00-00CFF             100
        BANK13           00D00-00DFF             100
        BANK14           00E00-00EBF              C0
        BANK2            00200-002FF             100
        BANK3            00300-003FF             100
        BANK4            00400-004FF             100
        BANK5            00500-005FF             100
        BANK6            00600-006FF             100
        BANK7            00700-007FF             100
        BANK8            00800-008FF             100
        BANK9            00900-009FF             100
        BIGRAM           0005F-0005F               1
                         000A0-00EBF             E20
        CODE             00004-00EFF             EFC
                         01529-01529               1
                         01532-0FFF7            EAC6
        COMRAM           0005F-0005F               1
        CONST            00004-00EFF             EFC
                         01529-01529               1
                         01532-0FFF7            EAC6
        MEDIUMCONST      01529-01529               1
                         01532-0FFF7            EAC6
        RAM              000A0-00EBF             100
        SFR              00EC0-00FFF              60
        SMALLCONST       01529-01529               1
                         01532-0FFF7             100
        STACK            000A0-00EBF             E20

                                  Symbol Table

?___awtoft               cstackCOMRAM  00009
?___ftdiv                cstackCOMRAM  0000D
?___ftpack               cstackCOMRAM  00001
?___fttol                cstackCOMRAM  0001C
?___wmul                 cstackCOMRAM  00001
?_read_keyboard          cstackCOMRAM  00001
_ANCON0                  (abs)         00F48
_ANCON1                  (abs)         00F49
_LATAbits                (abs)         00F89
_LATBbits                (abs)         00F8A
_LCD_INIT_STRING         smallconst    00F01
_OSCCONbits              (abs)         00FD3
_OSCTUNEbits             (abs)         00F9B
_PORTBbits               (abs)         00F81
_RTCCFGbits              (abs)         00F3F
_RtccAlrmTimeDate        bssBANK0      00074
_RtccDate                bssBANK0      0008C
_RtccTime                bssBANK0      00090
_RtccTimeDate            bssBANK0      0007C
_RtccTimeVal             bssBANK0      00094
_Rtcc_read_TimeDate      bssBANK0      00084
_Setup                   text11        014AA
_T1CONbits               (abs)         00FCD
_TRISA                   (abs)         00F92
_TRISB                   (abs)         00F93
_TRISBbits               (abs)         00F93
_TRISC                   (abs)         00F94
__CFG_CP0$OFF            (abs)         00000
__CFG_CPUDIV$OSC1        (abs)         00000
__CFG_DSBOREN$OFF        (abs)         00000
__CFG_DSWDTEN$OFF        (abs)         00000
__CFG_DSWDTOSC$INTOSCREF (abs)         00000
__CFG_DSWDTPS$G2         (abs)         00000
__CFG_FCMEN$OFF          (abs)         00000
__CFG_IESO$OFF           (abs)         00000
__CFG_IOL1WAY$OFF        (abs)         00000
__CFG_LPT1OSC$OFF        (abs)         00000
__CFG_MSSP7B_EN$MSK7     (abs)         00000
__CFG_OSC$INTOSC         (abs)         00000
__CFG_PLLDIV$1           (abs)         00000
__CFG_RTCOSC$T1OSCREF    (abs)         00000
__CFG_STVREN$ON          (abs)         00000
__CFG_T1DIG$ON           (abs)         00000
__CFG_WDTEN$OFF          (abs)         00000
__CFG_WDTPS$32768        (abs)         00000
__CFG_WPCFG$OFF          (abs)         00000
__CFG_WPDIS$OFF          (abs)         00000
__CFG_XINST$OFF          (abs)         00000
__HRAM                   (abs)         00000
__Habs1                  abs1          00000
__Hbank0                 bank0         00000
__Hbank1                 bank1         00000
__Hbank10                bank10        00000
__Hbank11                bank11        00000
__Hbank12                bank12        00000
__Hbank13                bank13        00000
__Hbank14                bank14        00000
__Hbank2                 bank2         00000
__Hbank3                 bank3         00000
__Hbank4                 bank4         00000
__Hbank5                 bank5         00000
__Hbank6                 bank6         00000
__Hbank7                 bank7         00000
__Hbank8                 bank8         00000
__Hbank9                 bank9         00000
__Hbigbss                bigbss        00000
__Hbigdata               bigdata       00000
__Hbigram                bigram        00000
__HbitbssCOMRAM          bitbssCOMRAM  00000
__Hbss                   bss           00000
__HbssBANK0              bssBANK0      00000
__HbssCOMRAM             bssCOMRAM     00000
__Hcinit                 cinit         00000
__Hclrtext               clrtext       00000
__Hcomram                comram        00000
__Hconfig                config        10000
__Hconst                 const         00000
__HcstackCOMRAM          cstackCOMRAM  00000
__Hdata                  data          00000
__HdataCOMRAM            dataCOMRAM    00000
__Hend_init              end_init      00004
__Hfarbss                farbss        00000
__Hfardata               fardata       00000
__Hibigdata              ibigdata      00000
__Hidata                 idata         00000
__HidataCOMRAM           idataCOMRAM   00000
__Hidloc                 idloc         00000
__Hifardata              ifardata      00000
__Hinit                  init          00000
__Hintcode               intcode       00000
__Hintcode_body          intcode_body  00000
__Hintcodelo             intcodelo     00000
__Hintentry              intentry      00000
__Hintret                intret        00000
__Hintsave_regs          intsave_regs  00000
__Hirdata                irdata        00000
__Hjflash_buffer         jflash_buffer 0F800
__Hmediumconst           mediumconst   00000
__HnvFARRAM              nvFARRAM      00000
__Hnvbit                 nvbit         00000
__Hnvrram                nvrram        00000
__Hparam                 rparam        00000
__Hpowerup               powerup       00000
__Hram                   ram           00000
__Hramtop                ramtop        00F00
__Hrbit                  rbit          00000
__Hrbss                  rbss          00000
__Hrdata                 rdata         00000
__Hreset_vec             reset_vec     00000
__Hrparam                rparam        00000
__Hsfr                   sfr           00000
__Hsmallconst            smallconst    00F06
__Hspace_0               (abs)         10000
__Hspace_1               (abs)         002F1
__Hspace_2               (abs)         00000
__Hstack                 stack         00000
__Hstruct                struct        00000
__Htemp                  temp          00000
__Htext                  text          00000
__Htext0                 text0         00000
__Htext1                 text1         00000
__Htext10                text10        00000
__Htext11                text11        00000
__Htext2                 text2         00000
__Htext3                 text3         00000
__Htext4                 text4         00000
__Htext5                 text5         00000
__Htext6                 text6         00000
__Htext7                 text7         00000
__Htext8                 text8         00000
__Htext9                 text9         00000
__LRAM                   (abs)         00001
__Labs1                  abs1          00000
__Lbank0                 bank0         00000
__Lbank1                 bank1         00000
__Lbank10                bank10        00000
__Lbank11                bank11        00000
__Lbank12                bank12        00000
__Lbank13                bank13        00000
__Lbank14                bank14        00000
__Lbank2                 bank2         00000
__Lbank3                 bank3         00000
__Lbank4                 bank4         00000
__Lbank5                 bank5         00000
__Lbank6                 bank6         00000
__Lbank7                 bank7         00000
__Lbank8                 bank8         00000
__Lbank9                 bank9         00000
__Lbigbss                bigbss        00000
__Lbigdata               bigdata       00000
__Lbigram                bigram        00000
__LbitbssCOMRAM          bitbssCOMRAM  00000
__Lbss                   bss           00000
__LbssBANK0              bssBANK0      00000
__LbssCOMRAM             bssCOMRAM     00000
__Lcinit                 cinit         00000
__Lclrtext               clrtext       00000
__Lcomram                comram        00000
__Lconfig                config        0FFF8
__Lconst                 const         00000
__LcstackCOMRAM          cstackCOMRAM  00000
__Ldata                  data          00000
__LdataCOMRAM            dataCOMRAM    00000
__Lend_init              end_init      00000
__Lfarbss                farbss        00000
__Lfardata               fardata       00000
__Libigdata              ibigdata      00000
__Lidata                 idata         00000
__LidataCOMRAM           idataCOMRAM   00000
__Lidloc                 idloc         00000
__Lifardata              ifardata      00000
__Linit                  init          00000
__Lintcode               intcode       00000
__Lintcode_body          intcode_body  00000
__Lintcodelo             intcodelo     00000
__Lintentry              intentry      00000
__Lintret                intret        00000
__Lintsave_regs          intsave_regs  00000
__Lirdata                irdata        00000
__Ljflash_buffer         jflash_buffer 0F800
__Lmediumconst           mediumconst   00000
__LnvFARRAM              nvFARRAM      00000
__Lnvbit                 nvbit         00000
__Lnvrram                nvrram        00000
__Lparam                 rparam        00000
__Lpowerup               powerup       00000
__Lram                   ram           00000
__Lramtop                ramtop        00F00
__Lrbit                  rbit          00000
__Lrbss                  rbss          00000
__Lrdata                 rdata         00000
__Lreset_vec             reset_vec     00000
__Lrparam                rparam        00000
__Lsfr                   sfr           00000
__Lsmallconst            smallconst    00F00
__Lspace_0               (abs)         00000
__Lspace_1               (abs)         00000
__Lspace_2               (abs)         00000
__Lstack                 stack         00000
__Lstruct                struct        00000
__Ltemp                  temp          00000
__Ltext                  text          00000
__Ltext0                 text0         00000
__Ltext1                 text1         00000
__Ltext10                text10        00000
__Ltext11                text11        00000
__Ltext2                 text2         00000
__Ltext3                 text3         00000
__Ltext4                 text4         00000
__Ltext5                 text5         00000
__Ltext6                 text6         00000
__Ltext7                 text7         00000
__Ltext8                 text8         00000
__Ltext9                 text9         00000
__S0                     (abs)         10000
__S1                     (abs)         000A0
__S2                     (abs)         00000
___awtoft                text9         0146E
___awtoft@c              cstackCOMRAM  00009
___awtoft@sign           cstackCOMRAM  0000C
___ftdiv                 text8         0111E
___ftdiv@cntr            cstackCOMRAM  00016
___ftdiv@exp             cstackCOMRAM  0001A
___ftdiv@f1              cstackCOMRAM  0000D
___ftdiv@f2              cstackCOMRAM  00010
___ftdiv@f3              cstackCOMRAM  00017
___ftdiv@sign            cstackCOMRAM  0001B
___ftpack                text10        0120A
___ftpack@arg            cstackCOMRAM  00001
___ftpack@exp            cstackCOMRAM  00004
___ftpack@sign           cstackCOMRAM  00005
___fttol                 text7         0101C
___fttol@exp1            cstackCOMRAM  0002A
___fttol@f1              cstackCOMRAM  0001C
___fttol@lval            cstackCOMRAM  00026
___fttol@sign1           cstackCOMRAM  00025
___inthi_sp              stack         00000
___intlo_sp              stack         00000
___param_bank            (abs)         00010
___rparam_used           (abs)         00001
___sp                    stack         00000
___wmul                  text6         014D8
___wmul@multiplicand     cstackCOMRAM  00003
___wmul@multiplier       cstackCOMRAM  00001
___wmul@product          cstackCOMRAM  00005
__accesstop              (abs)         00060
__activetblptr           (abs)         00002
__end_of_LCD_INIT_STRING smallconst    00F05
__end_of_Setup           text11        014D8
__end_of___awtoft        text9         014AA
__end_of___ftdiv         text8         0120A
__end_of___ftpack        text10        012D0
__end_of___fttol         text7         0111E
__end_of___wmul          text6         01500
__end_of__initialization cinit         01464
__end_of_main            text0         0151A
__end_of_on              text3         0135A
__end_of_on_led          text2         013C4
__end_of_read_keyboard   text1         0101C
__end_of_select_color    text5         0142A
__end_of_shutdown        text4         01532
__initialization         cinit         0142A
__mediumconst            mediumconst   00000
__pbitbssCOMRAM          bitbssCOMRAM  002F0
__pbssBANK0              bssBANK0      00060
__pbssCOMRAM             bssCOMRAM     00033
__pcinit                 cinit         0142A
__pcstackCOMRAM          cstackCOMRAM  00001
__pdataCOMRAM            dataCOMRAM    0004F
__pidataCOMRAM           idataCOMRAM   0151A
__psmallconst            smallconst    00F00
__ptext0                 text0         01500
__ptext1                 text1         00F06
__ptext10                text10        0120A
__ptext11                text11        014AA
__ptext2                 text2         0135A
__ptext3                 text3         012D0
__ptext4                 text4         0152A
__ptext5                 text5         013C4
__ptext6                 text6         014D8
__ptext7                 text7         0101C
__ptext8                 text8         0111E
__ptext9                 text9         0146E
__ramtop                 ramtop        00F00
__size_of_Setup          (abs)         00000
__size_of___awtoft       (abs)         00000
__size_of___ftdiv        (abs)         00000
__size_of___ftpack       (abs)         00000
__size_of___fttol        (abs)         00000
__size_of___wmul         (abs)         00000
__size_of_main           (abs)         00000
__size_of_on             (abs)         00000
__size_of_on_led         (abs)         00000
__size_of_read_keyboard  (abs)         00000
__size_of_select_color   (abs)         00000
__size_of_shutdown       (abs)         00000
__smallconst             smallconst    00F00
_a                       bssCOMRAM     00033
_anio                    dataCOMRAM    0004F
_anio_d                  bssCOMRAM     00041
_anio_u                  bssCOMRAM     00042
_b                       bssCOMRAM     00035
_buffer2                 bssBANK0      00060
_c                       bssCOMRAM     00037
_dia                     dataCOMRAM    00051
_diaDisparo              bssBANK0      00098
_dia_semana              bssCOMRAM     00043
_diasem                  dataCOMRAM    00053
_fecha_d                 bssCOMRAM     00044
_fecha_u                 bssCOMRAM     00045
_flag                    bitbssCOMRAM  002F0
_hora                    dataCOMRAM    00055
_horaDisparo             bssBANK0      0009A
_hora_d                  bssCOMRAM     00046
_hora_u                  bssCOMRAM     00047
_i                       bssCOMRAM     00039
_j                       bssCOMRAM     0003B
_k                       bssCOMRAM     0003D
_key                     dataCOMRAM    00057
_main                    text0         01500
_mes                     dataCOMRAM    00059
_mesDisparo              bssBANK0      0009C
_mes_d                   bssCOMRAM     00048
_mes_u                   bssCOMRAM     00049
_minDisparo              bssBANK0      0009E
_minuto                  dataCOMRAM    0005B
_minuto_d                bssCOMRAM     0004A
_minuto_u                bssCOMRAM     0004B
_on                      text3         012D0
_on_led                  text2         0135A
_read_keyboard           text1         00F06
_segundo                 bssCOMRAM     0003F
_segundo_d               bssCOMRAM     0004C
_segundo_u               bssCOMRAM     0004D
_select_color            text5         013C4
_sensorDisparado         bssCOMRAM     0004E
_shutdown                text4         0152A
_state_alarm             dataCOMRAM    0005D
end_of_initialization    cinit         01464
intlevel0                text          00000
intlevel1                text          00000
intlevel2                text          00000
intlevel3                text          00000
on@i                     cstackCOMRAM  0000C
on@intensity             cstackCOMRAM  00009
on@value                 cstackCOMRAM  00007
on_led@intensity         cstackCOMRAM  0002E
on_led@pressed_key       cstackCOMRAM  00030
on_led@row_detector      cstackCOMRAM  0002B
on_led@value             cstackCOMRAM  00031
select_color@value       cstackCOMRAM  00001
stackhi                  (abs)         00EBF
stacklo                  (abs)         000A0
start                    init          00000
start_initialization     cinit         0142A


FUNCTION INFORMATION:

 *************** function _main *****************
 Defined at:
		line 67 in file "main.c"
 Parameters:    Size  Location     Type
		None
 Auto vars:     Size  Location     Type
		None
 Return value:  Size  Location     Type
                  2  111[None  ] int 
 Registers used:
		wreg, status,2, status,0, prodl, prodh, cstack
 Tracked objects:
		On entry : 
		On exit  : 
		Unchanged: 
 Data sizes:     COMRAM   BANK0   BANK1   BANK2   BANK3   BANK4   BANK5   BANK6   BANK7   BANK8   BANK9  BANK10  BANK11  BANK12  BANK13  BANK14
      Params:         0       0       0       0       0       0       0       0       0       0       0       0       0       0       0       0
      Locals:         0       0       0       0       0       0       0       0       0       0       0       0       0       0       0       0
      Temps:          0       0       0       0       0       0       0       0       0       0       0       0       0       0       0       0
      Totals:         0       0       0       0       0       0       0       0       0       0       0       0       0       0       0       0
Total ram usage:        0 bytes
 Hardware stack levels required when called:    3
 This function calls:
		_Setup
		_on_led
		_read_keyboard
		_shutdown
 This function is called by:
		Startup code after reset
 This function uses a non-reentrant model


 *************** function _read_keyboard *****************
 Defined at:
		line 9 in file "keyboard.c"
 Parameters:    Size  Location     Type
		None
 Auto vars:     Size  Location     Type
		None
 Return value:  Size  Location     Type
                  2    0[COMRAM] int 
 Registers used:
		wreg, status,2
 Tracked objects:
		On entry : 
		On exit  : 
		Unchanged: 
 Data sizes:     COMRAM   BANK0   BANK1   BANK2   BANK3   BANK4   BANK5   BANK6   BANK7   BANK8   BANK9  BANK10  BANK11  BANK12  BANK13  BANK14
      Params:         2       0       0       0       0       0       0       0       0       0       0       0       0       0       0       0
      Locals:         0       0       0       0       0       0       0       0       0       0       0       0       0       0       0       0
      Temps:          1       0       0       0       0       0       0       0       0       0       0       0       0       0       0       0
      Totals:         3       0       0       0       0       0       0       0       0       0       0       0       0       0       0       0
Total ram usage:        3 bytes
 Hardware stack levels used:    1
 This function calls:
		Nothing
 This function is called by:
		_main
 This function uses a non-reentrant model


 *************** function _on_led *****************
 Defined at:
		line 50 in file "leds.c"
 Parameters:    Size  Location     Type
  pressed_key     1    wreg     unsigned char 
 Auto vars:     Size  Location     Type
  pressed_key     1   47[COMRAM] unsigned char 
  row_detector    3   42[COMRAM] float 
  value           2   48[COMRAM] int 
  intensity       2   45[COMRAM] short 
 Return value:  Size  Location     Type
		None               void
 Registers used:
		wreg, status,2, status,0, prodl, prodh, cstack
 Tracked objects:
		On entry : 
		On exit  : 
		Unchanged: 
 Data sizes:     COMRAM   BANK0   BANK1   BANK2   BANK3   BANK4   BANK5   BANK6   BANK7   BANK8   BANK9  BANK10  BANK11  BANK12  BANK13  BANK14
      Params:         0       0       0       0       0       0       0       0       0       0       0       0       0       0       0       0
      Locals:         8       0       0       0       0       0       0       0       0       0       0       0       0       0       0       0
      Temps:          0       0       0       0       0       0       0       0       0       0       0       0       0       0       0       0
      Totals:         8       0       0       0       0       0       0       0       0       0       0       0       0       0       0       0
Total ram usage:        8 bytes
 Hardware stack levels used:    1
 Hardware stack levels required when called:    2
 This function calls:
		___awtoft
		___ftdiv
		___fttol
		_on
 This function is called by:
		_main
 This function uses a non-reentrant model


 *************** function _on *****************
 Defined at:
		line 34 in file "leds.c"
 Parameters:    Size  Location     Type
  value           2    6[COMRAM] int 
  intensity       2    8[COMRAM] short 
 Auto vars:     Size  Location     Type
  i               2   11[COMRAM] int 
 Return value:  Size  Location     Type
		None               void
 Registers used:
		wreg, status,2, status,0, prodl, prodh, cstack
 Tracked objects:
		On entry : 
		On exit  : 
		Unchanged: 
 Data sizes:     COMRAM   BANK0   BANK1   BANK2   BANK3   BANK4   BANK5   BANK6   BANK7   BANK8   BANK9  BANK10  BANK11  BANK12  BANK13  BANK14
      Params:         4       0       0       0       0       0       0       0       0       0       0       0       0       0       0       0
      Locals:         2       0       0       0       0       0       0       0       0       0       0       0       0       0       0       0
      Temps:          1       0       0       0       0       0       0       0       0       0       0       0       0       0       0       0
      Totals:         7       0       0       0       0       0       0       0       0       0       0       0       0       0       0       0
Total ram usage:        7 bytes
 Hardware stack levels used:    1
 Hardware stack levels required when called:    1
 This function calls:
		___wmul
		_select_color
		_shutdown
 This function is called by:
		_on_led
 This function uses a non-reentrant model


 *************** function _shutdown *****************
 Defined at:
		line 27 in file "leds.c"
 Parameters:    Size  Location     Type
		None
 Auto vars:     Size  Location     Type
		None
 Return value:  Size  Location     Type
		None               void
 Registers used:
		None
 Tracked objects:
		On entry : 
		On exit  : 
		Unchanged: 
 Data sizes:     COMRAM   BANK0   BANK1   BANK2   BANK3   BANK4   BANK5   BANK6   BANK7   BANK8   BANK9  BANK10  BANK11  BANK12  BANK13  BANK14
      Params:         0       0       0       0       0       0       0       0       0       0       0       0       0       0       0       0
      Locals:         0       0       0       0       0       0       0       0       0       0       0       0       0       0       0       0
      Temps:          0       0       0       0       0       0       0       0       0       0       0       0       0       0       0       0
      Totals:         0       0       0       0       0       0       0       0       0       0       0       0       0       0       0       0
Total ram usage:        0 bytes
 Hardware stack levels used:    1
 This function calls:
		Nothing
 This function is called by:
		_main
		_on
 This function uses a non-reentrant model


 *************** function _select_color *****************
 Defined at:
		line 12 in file "leds.c"
 Parameters:    Size  Location     Type
  value           2    0[COMRAM] int 
 Auto vars:     Size  Location     Type
		None
 Return value:  Size  Location     Type
		None               void
 Registers used:
		wreg, status,2, status,0
 Tracked objects:
		On entry : 
		On exit  : 
		Unchanged: 
 Data sizes:     COMRAM   BANK0   BANK1   BANK2   BANK3   BANK4   BANK5   BANK6   BANK7   BANK8   BANK9  BANK10  BANK11  BANK12  BANK13  BANK14
      Params:         2       0       0       0       0       0       0       0       0       0       0       0       0       0       0       0
      Locals:         0       0       0       0       0       0       0       0       0       0       0       0       0       0       0       0
      Temps:          0       0       0       0       0       0       0       0       0       0       0       0       0       0       0       0
      Totals:         2       0       0       0       0       0       0       0       0       0       0       0       0       0       0       0
Total ram usage:        2 bytes
 Hardware stack levels used:    1
 This function calls:
		Nothing
 This function is called by:
		_on
 This function uses a non-reentrant model


 *************** function ___wmul *****************
 Defined at:
		line 15 in file "C:\Program Files\Microchip\xc8\v1.34\sources\common\Umul16.c"
 Parameters:    Size  Location     Type
  multiplier      2    0[COMRAM] unsigned int 
  multiplicand    2    2[COMRAM] unsigned int 
 Auto vars:     Size  Location     Type
  product         2    4[COMRAM] unsigned int 
 Return value:  Size  Location     Type
                  2    0[COMRAM] unsigned int 
 Registers used:
		wreg, status,2, status,0, prodl, prodh
 Tracked objects:
		On entry : 
		On exit  : 
		Unchanged: 
 Data sizes:     COMRAM   BANK0   BANK1   BANK2   BANK3   BANK4   BANK5   BANK6   BANK7   BANK8   BANK9  BANK10  BANK11  BANK12  BANK13  BANK14
      Params:         4       0       0       0       0       0       0       0       0       0       0       0       0       0       0       0
      Locals:         2       0       0       0       0       0       0       0       0       0       0       0       0       0       0       0
      Temps:          0       0       0       0       0       0       0       0       0       0       0       0       0       0       0       0
      Totals:         6       0       0       0       0       0       0       0       0       0       0       0       0       0       0       0
Total ram usage:        6 bytes
 Hardware stack levels used:    1
 This function calls:
		Nothing
 This function is called by:
		_on
 This function uses a non-reentrant model


 *************** function ___fttol *****************
 Defined at:
		line 44 in file "C:\Program Files\Microchip\xc8\v1.34\sources\common\fttol.c"
 Parameters:    Size  Location     Type
  f1              3   27[COMRAM] float 
 Auto vars:     Size  Location     Type
  lval            4   37[COMRAM] unsigned long 
  exp1            1   41[COMRAM] unsigned char 
  sign1           1   36[COMRAM] unsigned char 
 Return value:  Size  Location     Type
                  4   27[COMRAM] long 
 Registers used:
		wreg, status,2, status,0
 Tracked objects:
		On entry : 
		On exit  : 
		Unchanged: 
 Data sizes:     COMRAM   BANK0   BANK1   BANK2   BANK3   BANK4   BANK5   BANK6   BANK7   BANK8   BANK9  BANK10  BANK11  BANK12  BANK13  BANK14
      Params:         4       0       0       0       0       0       0       0       0       0       0       0       0       0       0       0
      Locals:         6       0       0       0       0       0       0       0       0       0       0       0       0       0       0       0
      Temps:          5       0       0       0       0       0       0       0       0       0       0       0       0       0       0       0
      Totals:        15       0       0       0       0       0       0       0       0       0       0       0       0       0       0       0
Total ram usage:       15 bytes
 Hardware stack levels used:    1
 This function calls:
		Nothing
 This function is called by:
		_on_led
 This function uses a non-reentrant model


 *************** function ___ftdiv *****************
 Defined at:
		line 54 in file "C:\Program Files\Microchip\xc8\v1.34\sources\common\ftdiv.c"
 Parameters:    Size  Location     Type
  f1              3   12[COMRAM] float 
  f2              3   15[COMRAM] float 
 Auto vars:     Size  Location     Type
  f3              3   22[COMRAM] float 
  sign            1   26[COMRAM] unsigned char 
  exp             1   25[COMRAM] unsigned char 
  cntr            1   21[COMRAM] unsigned char 
 Return value:  Size  Location     Type
                  3   12[COMRAM] float 
 Registers used:
		wreg, status,2, status,0, cstack
 Tracked objects:
		On entry : 
		On exit  : 
		Unchanged: 
 Data sizes:     COMRAM   BANK0   BANK1   BANK2   BANK3   BANK4   BANK5   BANK6   BANK7   BANK8   BANK9  BANK10  BANK11  BANK12  BANK13  BANK14
      Params:         6       0       0       0       0       0       0       0       0       0       0       0       0       0       0       0
      Locals:         6       0       0       0       0       0       0       0       0       0       0       0       0       0       0       0
      Temps:          3       0       0       0       0       0       0       0       0       0       0       0       0       0       0       0
      Totals:        15       0       0       0       0       0       0       0       0       0       0       0       0       0       0       0
Total ram usage:       15 bytes
 Hardware stack levels used:    1
 Hardware stack levels required when called:    1
 This function calls:
		___ftpack
 This function is called by:
		_on_led
 This function uses a non-reentrant model


 *************** function ___awtoft *****************
 Defined at:
		line 32 in file "C:\Program Files\Microchip\xc8\v1.34\sources\common\awtoft.c"
 Parameters:    Size  Location     Type
  c               2    8[COMRAM] int 
 Auto vars:     Size  Location     Type
  sign            1   11[COMRAM] unsigned char 
 Return value:  Size  Location     Type
                  3    8[COMRAM] float 
 Registers used:
		wreg, status,2, status,0, cstack
 Tracked objects:
		On entry : 
		On exit  : 
		Unchanged: 
 Data sizes:     COMRAM   BANK0   BANK1   BANK2   BANK3   BANK4   BANK5   BANK6   BANK7   BANK8   BANK9  BANK10  BANK11  BANK12  BANK13  BANK14
      Params:         3       0       0       0       0       0       0       0       0       0       0       0       0       0       0       0
      Locals:         1       0       0       0       0       0       0       0       0       0       0       0       0       0       0       0
      Temps:          0       0       0       0       0       0       0       0       0       0       0       0       0       0       0       0
      Totals:         4       0       0       0       0       0       0       0       0       0       0       0       0       0       0       0
Total ram usage:        4 bytes
 Hardware stack levels used:    1
 Hardware stack levels required when called:    1
 This function calls:
		___ftpack
 This function is called by:
		_on_led
 This function uses a non-reentrant model


 *************** function ___ftpack *****************
 Defined at:
		line 62 in file "C:\Program Files\Microchip\xc8\v1.34\sources\common\float.c"
 Parameters:    Size  Location     Type
  arg             3    0[COMRAM] unsigned um
  exp             1    3[COMRAM] unsigned char 
  sign            1    4[COMRAM] unsigned char 
 Auto vars:     Size  Location     Type
		None
 Return value:  Size  Location     Type
                  3    0[COMRAM] float 
 Registers used:
		wreg, status,2, status,0
 Tracked objects:
		On entry : 
		On exit  : 
		Unchanged: 
 Data sizes:     COMRAM   BANK0   BANK1   BANK2   BANK3   BANK4   BANK5   BANK6   BANK7   BANK8   BANK9  BANK10  BANK11  BANK12  BANK13  BANK14
      Params:         5       0       0       0       0       0       0       0       0       0       0       0       0       0       0       0
      Locals:         0       0       0       0       0       0       0       0       0       0       0       0       0       0       0       0
      Temps:          3       0       0       0       0       0       0       0       0       0       0       0       0       0       0       0
      Totals:         8       0       0       0       0       0       0       0       0       0       0       0       0       0       0       0
Total ram usage:        8 bytes
 Hardware stack levels used:    1
 This function calls:
		Nothing
 This function is called by:
		___awtoft
		___ftdiv
 This function uses a non-reentrant model


 *************** function _Setup *****************
 Defined at:
		line 33 in file "main.c"
 Parameters:    Size  Location     Type
		None
 Auto vars:     Size  Location     Type
		None
 Return value:  Size  Location     Type
		None               void
 Registers used:
		wreg, status,2
 Tracked objects:
		On entry : 
		On exit  : 
		Unchanged: 
 Data sizes:     COMRAM   BANK0   BANK1   BANK2   BANK3   BANK4   BANK5   BANK6   BANK7   BANK8   BANK9  BANK10  BANK11  BANK12  BANK13  BANK14
      Params:         0       0       0       0       0       0       0       0       0       0       0       0       0       0       0       0
      Locals:         0       0       0       0       0       0       0       0       0       0       0       0       0       0       0       0
      Temps:          0       0       0       0       0       0       0       0       0       0       0       0       0       0       0       0
      Totals:         0       0       0       0       0       0       0       0       0       0       0       0       0       0       0       0
Total ram usage:        0 bytes
 Hardware stack levels used:    1
 This function calls:
		Nothing
 This function is called by:
		_main
 This function uses a non-reentrant model



MODULE INFORMATION

Module		Function		Class		Link	Load	Size
C:\Program Files\Microchip\xc8\v1.34\sources\common\awtoft.c
		___awtoft      		CODE           	146E	0000	61

C:\Program Files\Microchip\xc8\v1.34\sources\common\awtoft.c estimated size: 61

C:\Program Files\Microchip\xc8\v1.34\sources\common\float.c
		___ftpack      		CODE           	120A	0000	199

C:\Program Files\Microchip\xc8\v1.34\sources\common\float.c estimated size: 199

C:\Program Files\Microchip\xc8\v1.34\sources\common\ftdiv.c
		___ftdiv       		CODE           	111E	0000	237

C:\Program Files\Microchip\xc8\v1.34\sources\common\ftdiv.c estimated size: 237

C:\Program Files\Microchip\xc8\v1.34\sources\common\Umul16.c
		___wmul        		CODE           	14D8	0000	41

C:\Program Files\Microchip\xc8\v1.34\sources\common\Umul16.c estimated size: 41

C:\Program Files\Microchip\xc8\v1.34\sources\common\fttol.c
		___fttol       		CODE           	101C	0000	259

C:\Program Files\Microchip\xc8\v1.34\sources\common\fttol.c estimated size: 259

shared
		_LCD_INIT_STRIN		SMALLCONST     	0F01	0000	5
		__initializatio		CODE           	142A	0000	59

shared estimated size: 64

leds.c
		_select_color  		CODE           	13C4	0000	103
		_on            		CODE           	12D0	0000	139
		_on_led        		CODE           	135A	0000	107
		_shutdown      		CODE           	152A	0000	9

leds.c estimated size: 358

main.c
		_main          		CODE           	1500	0000	27
		_Setup         		CODE           	14AA	0000	47

main.c estimated size: 74

keyboard.c
		_read_keyboard 		CODE           	0F06	0000	279

keyboard.c estimated size: 279

